I, [2015-02-11T22:00:44.583514 #2999]  INFO -- :   Rendered home/index.html.erb within layouts/application (0.6ms)
I, [2015-02-11T22:00:44.584679 #2999]  INFO -- : Completed 200 OK in 10ms (Views: 3.1ms | ActiveRecord: 0.0ms)
I, [2015-02-11T22:00:44.879431 #3001]  INFO -- : Started GET "/assets/rails.png" for 104.174.115.251 at 2015-02-11 22:00:44 +0000
I, [2015-02-11T22:15:45.360426 #2999]  INFO -- : Started GET "/" for 104.174.115.251 at 2015-02-11 22:15:45 +0000
I, [2015-02-11T22:15:45.363419 #2999]  INFO -- : Processing by HomeController#index as HTML
I, [2015-02-11T22:15:45.365738 #2999]  INFO -- :   Rendered home/index.html.erb within layouts/application (0.2ms)
I, [2015-02-11T22:15:45.367026 #2999]  INFO -- : Completed 200 OK in 3ms (Views: 2.1ms | ActiveRecord: 0.0ms)
I, [2015-02-11T22:15:45.715148 #3007]  INFO -- : Started GET "/assets/rails.png" for 104.174.115.251 at 2015-02-11 22:15:45 +0000
I, [2015-02-11T22:15:47.305554 #3001]  INFO -- : Started GET "/" for 104.174.115.251 at 2015-02-11 22:15:47 +0000
I, [2015-02-11T22:15:47.309569 #3001]  INFO -- : Processing by HomeController#index as HTML
I, [2015-02-11T22:15:47.330361 #3001]  INFO -- :   Rendered home/index.html.erb within layouts/application (1.5ms)
I, [2015-02-11T22:15:47.332935 #3001]  INFO -- : Completed 200 OK in 23ms (Views: 7.1ms | ActiveRecord: 0.0ms)
I, [2015-02-11T22:15:47.574375 #3007]  INFO -- : Started GET "/assets/rails.png" for 104.174.115.251 at 2015-02-11 22:15:47 +0000
I, [2015-02-11T22:19:17.574427 #2999]  INFO -- : Started GET "/" for 104.174.115.251 at 2015-02-11 22:19:17 +0000
I, [2015-02-11T22:19:17.576449 #2999]  INFO -- : Processing by HomeController#index as HTML
I, [2015-02-11T22:19:17.578159 #2999]  INFO -- :   Rendered home/index.html.erb within layouts/application (0.1ms)
I, [2015-02-11T22:19:17.579611 #2999]  INFO -- : Completed 200 OK in 3ms (Views: 2.0ms | ActiveRecord: 0.0ms)
I, [2015-02-11T22:19:17.920175 #3001]  INFO -- : Started GET "/assets/rails.png" for 104.174.115.251 at 2015-02-11 22:19:17 +0000
I, [2015-02-11T22:19:19.823487 #3004]  INFO -- : Started GET "/" for 104.174.115.251 at 2015-02-11 22:19:19 +0000
I, [2015-02-11T22:19:19.982862 #3004]  INFO -- : Processing by HomeController#index as HTML
I, [2015-02-11T22:19:20.004144 #3004]  INFO -- :   Rendered home/index.html.erb within layouts/application (1.3ms)
I, [2015-02-11T22:19:20.006802 #3004]  INFO -- : Completed 200 OK in 24ms (Views: 7.1ms | ActiveRecord: 0.0ms)
I, [2015-02-11T22:19:20.269490 #3001]  INFO -- : Started GET "/assets/rails.png" for 104.174.115.251 at 2015-02-11 22:19:20 +0000
I, [2015-02-11T22:20:10.319530 #3007]  INFO -- : Started GET "/" for 104.174.115.251 at 2015-02-11 22:20:10 +0000
I, [2015-02-11T22:20:10.322271 #3007]  INFO -- : Processing by HomeController#index as HTML
I, [2015-02-11T22:20:10.332799 #3007]  INFO -- :   Rendered home/index.html.erb within layouts/application (0.7ms)
I, [2015-02-11T22:20:10.334083 #3007]  INFO -- : Completed 200 OK in 12ms (Views: 3.6ms | ActiveRecord: 0.0ms)
I, [2015-02-11T22:23:02.208083 #3001]  INFO -- : Started GET "/" for 104.174.115.251 at 2015-02-11 22:23:02 +0000
I, [2015-02-11T22:23:02.211050 #3001]  INFO -- : Processing by HomeController#index as HTML
I, [2015-02-11T22:23:02.212955 #3001]  INFO -- :   Rendered home/index.html.erb within layouts/application (0.2ms)
I, [2015-02-11T22:23:02.214133 #3001]  INFO -- : Completed 200 OK in 3ms (Views: 2.0ms | ActiveRecord: 0.0ms)
I, [2015-02-11T22:23:02.474032 #3004]  INFO -- : Started GET "/assets/rails.png" for 104.174.115.251 at 2015-02-11 22:23:02 +0000
I, [2015-02-11T23:39:23.221343 #3004]  INFO -- : Started GET "/" for 104.174.115.251 at 2015-02-11 23:39:23 +0000
I, [2015-02-11T23:39:23.225460 #3004]  INFO -- : Processing by HomeController#index as HTML
I, [2015-02-11T23:39:23.228031 #3004]  INFO -- :   Rendered home/index.html.erb within layouts/application (0.2ms)
I, [2015-02-11T23:39:23.229526 #3004]  INFO -- : Completed 200 OK in 4ms (Views: 2.3ms | ActiveRecord: 0.0ms)
I, [2015-02-11T23:39:23.519469 #2999]  INFO -- : Started GET "/assets/rails.png" for 104.174.115.251 at 2015-02-11 23:39:23 +0000
I, [2015-02-11T23:39:24.951217 #3004]  INFO -- : Started GET "/" for 104.174.115.251 at 2015-02-11 23:39:24 +0000
I, [2015-02-11T23:39:24.953074 #3004]  INFO -- : Processing by HomeController#index as HTML
I, [2015-02-11T23:39:24.954819 #3004]  INFO -- :   Rendered home/index.html.erb within layouts/application (0.2ms)
I, [2015-02-11T23:39:24.956175 #3004]  INFO -- : Completed 200 OK in 3ms (Views: 1.9ms | ActiveRecord: 0.0ms)
I, [2015-02-11T23:39:25.206832 #2999]  INFO -- : Started GET "/assets/rails.png" for 104.174.115.251 at 2015-02-11 23:39:25 +0000
I, [2015-02-11T23:39:32.299603 #3007]  INFO -- : Started GET "/" for 104.174.115.251 at 2015-02-11 23:39:32 +0000
I, [2015-02-11T23:39:32.302042 #3007]  INFO -- : Processing by HomeController#index as HTML
I, [2015-02-11T23:39:32.303243 #3007]  INFO -- :   Rendered home/index.html.erb within layouts/application (0.1ms)
I, [2015-02-11T23:39:32.303934 #3007]  INFO -- : Completed 200 OK in 2ms (Views: 1.2ms | ActiveRecord: 0.0ms)
I, [2015-02-11T23:39:34.634447 #2999]  INFO -- : Started GET "/" for 104.174.115.251 at 2015-02-11 23:39:34 +0000
I, [2015-02-11T23:39:34.636745 #2999]  INFO -- : Processing by HomeController#index as HTML
I, [2015-02-11T23:39:34.639243 #2999]  INFO -- :   Rendered home/index.html.erb within layouts/application (0.2ms)
I, [2015-02-11T23:39:34.640562 #2999]  INFO -- : Completed 200 OK in 4ms (Views: 2.2ms | ActiveRecord: 0.0ms)
I, [2015-02-11T23:39:34.891539 #3007]  INFO -- : Started GET "/assets/rails.png" for 104.174.115.251 at 2015-02-11 23:39:34 +0000
I, [2015-02-11T23:39:37.399378 #3004]  INFO -- : Started GET "/" for 104.174.115.251 at 2015-02-11 23:39:37 +0000
I, [2015-02-11T23:39:37.402670 #3004]  INFO -- : Processing by HomeController#index as HTML
I, [2015-02-11T23:39:37.404900 #3004]  INFO -- :   Rendered home/index.html.erb within layouts/application (0.3ms)
I, [2015-02-11T23:39:37.406438 #3004]  INFO -- : Completed 200 OK in 3ms (Views: 2.4ms | ActiveRecord: 0.0ms)
I, [2015-02-11T23:39:37.652804 #3001]  INFO -- : Started GET "/assets/rails.png" for 104.174.115.251 at 2015-02-11 23:39:37 +0000
I, [2015-02-11T23:40:05.338197 #2999]  INFO -- : Started GET "/" for 104.174.115.251 at 2015-02-11 23:40:05 +0000
I, [2015-02-11T23:40:05.339327 #2999]  INFO -- : Processing by HomeController#index as HTML
I, [2015-02-11T23:40:05.340524 #2999]  INFO -- :   Rendered home/index.html.erb within layouts/application (0.1ms)
I, [2015-02-11T23:40:05.341489 #2999]  INFO -- : Completed 200 OK in 2ms (Views: 1.3ms | ActiveRecord: 0.0ms)
I, [2015-02-11T23:40:05.601363 #3007]  INFO -- : Started GET "/assets/rails.png" for 104.174.115.251 at 2015-02-11 23:40:05 +0000
I, [2015-02-11T23:40:07.780077 #3004]  INFO -- : Started GET "/" for 104.174.115.251 at 2015-02-11 23:40:07 +0000
I, [2015-02-11T23:40:07.781339 #3004]  INFO -- : Processing by HomeController#index as HTML
I, [2015-02-11T23:40:07.782443 #3004]  INFO -- :   Rendered home/index.html.erb within layouts/application (0.1ms)
I, [2015-02-11T23:40:07.783159 #3004]  INFO -- : Completed 200 OK in 2ms (Views: 1.1ms | ActiveRecord: 0.0ms)
I, [2015-02-11T23:40:08.003752 #3001]  INFO -- : Started GET "/assets/rails.png" for 104.174.115.251 at 2015-02-11 23:40:08 +0000
I, [2015-02-11T23:40:24.802502 #3454]  INFO -- : Started GET "/" for 104.174.115.251 at 2015-02-11 23:40:24 +0000
I, [2015-02-11T23:40:24.871831 #3454]  INFO -- : Processing by HomeController#index as HTML
I, [2015-02-11T23:40:24.884056 #3454]  INFO -- :   Rendered home/index.html.erb within layouts/application (0.5ms)
I, [2015-02-11T23:40:24.885147 #3454]  INFO -- : Completed 200 OK in 10ms (Views: 2.9ms | ActiveRecord: 0.0ms)
I, [2015-02-11T23:40:25.212264 #3457]  INFO -- : Started GET "/assets/rails.png" for 104.174.115.251 at 2015-02-11 23:40:25 +0000
I, [2015-02-12T01:36:02.354191 #3454]  INFO -- : Started GET "//pma/scripts/setup.php" for 94.102.60.183 at 2015-02-12 01:36:02 +0000
F, [2015-02-12T01:36:02.355659 #3454] FATAL -- : 
ActionController::RoutingError (No route matches [GET] "/pma/scripts/setup.php"):
  actionpack (4.0.2) lib/action_dispatch/middleware/debug_exceptions.rb:21:in `call'
  actionpack (4.0.2) lib/action_dispatch/middleware/show_exceptions.rb:30:in `call'
  railties (4.0.2) lib/rails/rack/logger.rb:38:in `call_app'
  railties (4.0.2) lib/rails/rack/logger.rb:20:in `block in call'
  activesupport (4.0.2) lib/active_support/tagged_logging.rb:67:in `block in tagged'
  activesupport (4.0.2) lib/active_support/tagged_logging.rb:25:in `tagged'
  activesupport (4.0.2) lib/active_support/tagged_logging.rb:67:in `tagged'
  railties (4.0.2) lib/rails/rack/logger.rb:20:in `call'
  actionpack (4.0.2) lib/action_dispatch/middleware/request_id.rb:21:in `call'
  rack (1.5.2) lib/rack/methodoverride.rb:21:in `call'
  rack (1.5.2) lib/rack/runtime.rb:17:in `call'
  activesupport (4.0.2) lib/active_support/cache/strategy/local_cache.rb:83:in `call'
  rack (1.5.2) lib/rack/sendfile.rb:112:in `call'
  railties (4.0.2) lib/rails/engine.rb:511:in `call'
  railties (4.0.2) lib/rails/application.rb:97:in `call'
  unicorn (4.8.3) lib/unicorn/http_server.rb:576:in `process_client'
  unicorn (4.8.3) lib/unicorn/http_server.rb:670:in `worker_loop'
  unicorn (4.8.3) lib/unicorn/http_server.rb:525:in `spawn_missing_workers'
  unicorn (4.8.3) lib/unicorn/http_server.rb:140:in `start'
  unicorn (4.8.3) bin/unicorn:126:in `<top (required)>'
  /usr/local/rvm/gems/ruby-2.1.3/bin/unicorn:23:in `load'
  /usr/local/rvm/gems/ruby-2.1.3/bin/unicorn:23:in `<main>'
  /usr/local/rvm/gems/ruby-2.0.0-p353/bin/ruby_executable_hooks:15:in `eval'
  /usr/local/rvm/gems/ruby-2.0.0-p353/bin/ruby_executable_hooks:15:in `<main>'


I, [2015-02-12T01:36:02.521968 #3449]  INFO -- : Started GET "//myadmin/scripts/setup.php" for 94.102.60.183 at 2015-02-12 01:36:02 +0000
F, [2015-02-12T01:36:02.611733 #3449] FATAL -- : 
ActionController::RoutingError (No route matches [GET] "/myadmin/scripts/setup.php"):
  actionpack (4.0.2) lib/action_dispatch/middleware/debug_exceptions.rb:21:in `call'
  actionpack (4.0.2) lib/action_dispatch/middleware/show_exceptions.rb:30:in `call'
  railties (4.0.2) lib/rails/rack/logger.rb:38:in `call_app'
  railties (4.0.2) lib/rails/rack/logger.rb:20:in `block in call'
  activesupport (4.0.2) lib/active_support/tagged_logging.rb:67:in `block in tagged'
  activesupport (4.0.2) lib/active_support/tagged_logging.rb:25:in `tagged'
  activesupport (4.0.2) lib/active_support/tagged_logging.rb:67:in `tagged'
  railties (4.0.2) lib/rails/rack/logger.rb:20:in `call'
  actionpack (4.0.2) lib/action_dispatch/middleware/request_id.rb:21:in `call'
  rack (1.5.2) lib/rack/methodoverride.rb:21:in `call'
  rack (1.5.2) lib/rack/runtime.rb:17:in `call'
  activesupport (4.0.2) lib/active_support/cache/strategy/local_cache.rb:83:in `call'
  rack (1.5.2) lib/rack/sendfile.rb:112:in `call'
  railties (4.0.2) lib/rails/engine.rb:511:in `call'
  railties (4.0.2) lib/rails/application.rb:97:in `call'
  unicorn (4.8.3) lib/unicorn/http_server.rb:576:in `process_client'
  unicorn (4.8.3) lib/unicorn/http_server.rb:670:in `worker_loop'
  unicorn (4.8.3) lib/unicorn/http_server.rb:525:in `spawn_missing_workers'
  unicorn (4.8.3) lib/unicorn/http_server.rb:140:in `start'
  unicorn (4.8.3) bin/unicorn:126:in `<top (required)>'
  /usr/local/rvm/gems/ruby-2.1.3/bin/unicorn:23:in `load'
  /usr/local/rvm/gems/ruby-2.1.3/bin/unicorn:23:in `<main>'
  /usr/local/rvm/gems/ruby-2.0.0-p353/bin/ruby_executable_hooks:15:in `eval'
  /usr/local/rvm/gems/ruby-2.0.0-p353/bin/ruby_executable_hooks:15:in `<main>'


I, [2015-02-12T01:36:03.772031 #3454]  INFO -- : Started GET "//MyAdmin/scripts/setup.php" for 94.102.60.183 at 2015-02-12 01:36:03 +0000
F, [2015-02-12T01:36:03.776494 #3454] FATAL -- : 
ActionController::RoutingError (No route matches [GET] "/MyAdmin/scripts/setup.php"):
  actionpack (4.0.2) lib/action_dispatch/middleware/debug_exceptions.rb:21:in `call'
  actionpack (4.0.2) lib/action_dispatch/middleware/show_exceptions.rb:30:in `call'
  railties (4.0.2) lib/rails/rack/logger.rb:38:in `call_app'
  railties (4.0.2) lib/rails/rack/logger.rb:20:in `block in call'
  activesupport (4.0.2) lib/active_support/tagged_logging.rb:67:in `block in tagged'
  activesupport (4.0.2) lib/active_support/tagged_logging.rb:25:in `tagged'
  activesupport (4.0.2) lib/active_support/tagged_logging.rb:67:in `tagged'
  railties (4.0.2) lib/rails/rack/logger.rb:20:in `call'
  actionpack (4.0.2) lib/action_dispatch/middleware/request_id.rb:21:in `call'
  rack (1.5.2) lib/rack/methodoverride.rb:21:in `call'
  rack (1.5.2) lib/rack/runtime.rb:17:in `call'
  activesupport (4.0.2) lib/active_support/cache/strategy/local_cache.rb:83:in `call'
  rack (1.5.2) lib/rack/sendfile.rb:112:in `call'
  railties (4.0.2) lib/rails/engine.rb:511:in `call'
  railties (4.0.2) lib/rails/application.rb:97:in `call'
  unicorn (4.8.3) lib/unicorn/http_server.rb:576:in `process_client'
  unicorn (4.8.3) lib/unicorn/http_server.rb:670:in `worker_loop'
  unicorn (4.8.3) lib/unicorn/http_server.rb:525:in `spawn_missing_workers'
  unicorn (4.8.3) lib/unicorn/http_server.rb:140:in `start'
  unicorn (4.8.3) bin/unicorn:126:in `<top (required)>'
  /usr/local/rvm/gems/ruby-2.1.3/bin/unicorn:23:in `load'
  /usr/local/rvm/gems/ruby-2.1.3/bin/unicorn:23:in `<main>'
  /usr/local/rvm/gems/ruby-2.0.0-p353/bin/ruby_executable_hooks:15:in `eval'
  /usr/local/rvm/gems/ruby-2.0.0-p353/bin/ruby_executable_hooks:15:in `<main>'


I, [2015-02-12T02:39:45.987389 #3457]  INFO -- : Started GET "/" for 180.234.25.22 at 2015-02-12 02:39:45 +0000
I, [2015-02-12T02:39:45.992125 #3457]  INFO -- : Processing by HomeController#index as HTML
I, [2015-02-12T02:39:46.014795 #3457]  INFO -- :   Rendered home/index.html.erb within layouts/application (1.8ms)
I, [2015-02-12T02:39:46.018076 #3457]  INFO -- : Completed 200 OK in 25ms (Views: 8.6ms | ActiveRecord: 0.0ms)
I, [2015-02-12T02:48:32.317943 #3454]  INFO -- : Started HEAD "/" for 201.150.36.119 at 2015-02-12 02:48:32 +0000
I, [2015-02-12T02:48:32.319453 #3454]  INFO -- : Processing by HomeController#index as HTML
I, [2015-02-12T02:48:32.320127 #3454]  INFO -- :   Rendered home/index.html.erb within layouts/application (0.1ms)
I, [2015-02-12T02:48:32.320843 #3454]  INFO -- : Completed 200 OK in 1ms (Views: 1.0ms | ActiveRecord: 0.0ms)
I, [2015-02-12T05:53:00.486854 #3449]  INFO -- : Started GET "/" for 100.9.140.128 at 2015-02-12 05:53:00 +0000
I, [2015-02-12T05:53:00.500251 #3449]  INFO -- : Processing by HomeController#index as HTML
I, [2015-02-12T05:53:00.528882 #3449]  INFO -- :   Rendered home/index.html.erb within layouts/application (3.0ms)
I, [2015-02-12T05:53:00.534090 #3449]  INFO -- : Completed 200 OK in 33ms (Views: 14.0ms | ActiveRecord: 0.0ms)
I, [2015-02-12T05:53:00.775742 #3457]  INFO -- : Started GET "/assets/rails.png" for 100.9.140.128 at 2015-02-12 05:53:00 +0000
I, [2015-02-12T06:27:31.316730 #3449]  INFO -- : Started HEAD "/" for 177.184.193.210 at 2015-02-12 06:27:31 +0000
I, [2015-02-12T06:27:31.321554 #3449]  INFO -- : Processing by HomeController#index as HTML
I, [2015-02-12T06:27:31.323980 #3449]  INFO -- :   Rendered home/index.html.erb within layouts/application (0.3ms)
I, [2015-02-12T06:27:31.326277 #3449]  INFO -- : Completed 200 OK in 4ms (Views: 3.4ms | ActiveRecord: 0.0ms)
I, [2015-02-12T09:11:55.877919 #3449]  INFO -- : Started HEAD "/" for 186.67.35.171 at 2015-02-12 09:11:55 +0000
I, [2015-02-12T09:11:55.884353 #3449]  INFO -- : Processing by HomeController#index as HTML
I, [2015-02-12T09:11:55.887683 #3449]  INFO -- :   Rendered home/index.html.erb within layouts/application (0.5ms)
I, [2015-02-12T09:11:55.890542 #3449]  INFO -- : Completed 200 OK in 6ms (Views: 4.5ms | ActiveRecord: 0.0ms)
I, [2015-02-12T12:38:11.052153 #3457]  INFO -- : Started GET "/" for 61.240.144.66 at 2015-02-12 12:38:11 +0000
I, [2015-02-12T12:38:11.061310 #3457]  INFO -- : Processing by HomeController#index as */*
I, [2015-02-12T12:38:11.073029 #3457]  INFO -- :   Rendered home/index.html.erb within layouts/application (3.3ms)
I, [2015-02-12T12:38:11.077238 #3457]  INFO -- : Completed 200 OK in 16ms (Views: 14.1ms | ActiveRecord: 0.0ms)
I, [2015-02-12T14:13:14.806847 #3449]  INFO -- : Started GET "/" for 23.20.119.74 at 2015-02-12 14:13:14 +0000
I, [2015-02-12T14:13:14.811656 #3449]  INFO -- : Processing by HomeController#index as HTML
I, [2015-02-12T14:13:14.814258 #3449]  INFO -- :   Rendered home/index.html.erb within layouts/application (0.4ms)
I, [2015-02-12T14:13:14.817226 #3449]  INFO -- : Completed 200 OK in 5ms (Views: 4.0ms | ActiveRecord: 0.0ms)
I, [2015-02-12T14:17:36.226211 #3457]  INFO -- : Started HEAD "/" for 189.91.194.250 at 2015-02-12 14:17:36 +0000
I, [2015-02-12T14:17:36.233072 #3457]  INFO -- : Processing by HomeController#index as HTML
I, [2015-02-12T14:17:36.235144 #3457]  INFO -- :   Rendered home/index.html.erb within layouts/application (0.3ms)
I, [2015-02-12T14:17:36.236461 #3457]  INFO -- : Completed 200 OK in 3ms (Views: 2.3ms | ActiveRecord: 0.0ms)
I, [2015-02-12T14:34:31.712540 #3449]  INFO -- : Started GET "/muieblackcat" for 62.210.127.243 at 2015-02-12 14:34:31 +0000
F, [2015-02-12T14:34:31.714968 #3449] FATAL -- : 
ActionController::RoutingError (No route matches [GET] "/muieblackcat"):
  actionpack (4.0.2) lib/action_dispatch/middleware/debug_exceptions.rb:21:in `call'
  actionpack (4.0.2) lib/action_dispatch/middleware/show_exceptions.rb:30:in `call'
  railties (4.0.2) lib/rails/rack/logger.rb:38:in `call_app'
  railties (4.0.2) lib/rails/rack/logger.rb:20:in `block in call'
  activesupport (4.0.2) lib/active_support/tagged_logging.rb:67:in `block in tagged'
  activesupport (4.0.2) lib/active_support/tagged_logging.rb:25:in `tagged'
  activesupport (4.0.2) lib/active_support/tagged_logging.rb:67:in `tagged'
  railties (4.0.2) lib/rails/rack/logger.rb:20:in `call'
  actionpack (4.0.2) lib/action_dispatch/middleware/request_id.rb:21:in `call'
  rack (1.5.2) lib/rack/methodoverride.rb:21:in `call'
  rack (1.5.2) lib/rack/runtime.rb:17:in `call'
  activesupport (4.0.2) lib/active_support/cache/strategy/local_cache.rb:83:in `call'
  rack (1.5.2) lib/rack/sendfile.rb:112:in `call'
  railties (4.0.2) lib/rails/engine.rb:511:in `call'
  railties (4.0.2) lib/rails/application.rb:97:in `call'
  unicorn (4.8.3) lib/unicorn/http_server.rb:576:in `process_client'
  unicorn (4.8.3) lib/unicorn/http_server.rb:670:in `worker_loop'
  unicorn (4.8.3) lib/unicorn/http_server.rb:525:in `spawn_missing_workers'
  unicorn (4.8.3) lib/unicorn/http_server.rb:140:in `start'
  unicorn (4.8.3) bin/unicorn:126:in `<top (required)>'
  /usr/local/rvm/gems/ruby-2.1.3/bin/unicorn:23:in `load'
  /usr/local/rvm/gems/ruby-2.1.3/bin/unicorn:23:in `<main>'
  /usr/local/rvm/gems/ruby-2.0.0-p353/bin/ruby_executable_hooks:15:in `eval'
  /usr/local/rvm/gems/ruby-2.0.0-p353/bin/ruby_executable_hooks:15:in `<main>'


I, [2015-02-12T14:34:31.878250 #3454]  INFO -- : Started GET "//phpMyAdmin/scripts/setup.php" for 62.210.127.243 at 2015-02-12 14:34:31 +0000
F, [2015-02-12T14:34:31.889295 #3454] FATAL -- : 
ActionController::RoutingError (No route matches [GET] "/phpMyAdmin/scripts/setup.php"):
  actionpack (4.0.2) lib/action_dispatch/middleware/debug_exceptions.rb:21:in `call'
  actionpack (4.0.2) lib/action_dispatch/middleware/show_exceptions.rb:30:in `call'
  railties (4.0.2) lib/rails/rack/logger.rb:38:in `call_app'
  railties (4.0.2) lib/rails/rack/logger.rb:20:in `block in call'
  activesupport (4.0.2) lib/active_support/tagged_logging.rb:67:in `block in tagged'
  activesupport (4.0.2) lib/active_support/tagged_logging.rb:25:in `tagged'
  activesupport (4.0.2) lib/active_support/tagged_logging.rb:67:in `tagged'
  railties (4.0.2) lib/rails/rack/logger.rb:20:in `call'
  actionpack (4.0.2) lib/action_dispatch/middleware/request_id.rb:21:in `call'
  rack (1.5.2) lib/rack/methodoverride.rb:21:in `call'
  rack (1.5.2) lib/rack/runtime.rb:17:in `call'
  activesupport (4.0.2) lib/active_support/cache/strategy/local_cache.rb:83:in `call'
  rack (1.5.2) lib/rack/sendfile.rb:112:in `call'
  railties (4.0.2) lib/rails/engine.rb:511:in `call'
  railties (4.0.2) lib/rails/application.rb:97:in `call'
  unicorn (4.8.3) lib/unicorn/http_server.rb:576:in `process_client'
  unicorn (4.8.3) lib/unicorn/http_server.rb:670:in `worker_loop'
  unicorn (4.8.3) lib/unicorn/http_server.rb:525:in `spawn_missing_workers'
  unicorn (4.8.3) lib/unicorn/http_server.rb:140:in `start'
  unicorn (4.8.3) bin/unicorn:126:in `<top (required)>'
  /usr/local/rvm/gems/ruby-2.1.3/bin/unicorn:23:in `load'
  /usr/local/rvm/gems/ruby-2.1.3/bin/unicorn:23:in `<main>'
  /usr/local/rvm/gems/ruby-2.0.0-p353/bin/ruby_executable_hooks:15:in `eval'
  /usr/local/rvm/gems/ruby-2.0.0-p353/bin/ruby_executable_hooks:15:in `<main>'


I, [2015-02-12T14:34:32.073922 #3449]  INFO -- : Started GET "//phpmyadmin/scripts/setup.php" for 62.210.127.243 at 2015-02-12 14:34:32 +0000
F, [2015-02-12T14:34:32.076403 #3449] FATAL -- : 
ActionController::RoutingError (No route matches [GET] "/phpmyadmin/scripts/setup.php"):
  actionpack (4.0.2) lib/action_dispatch/middleware/debug_exceptions.rb:21:in `call'
  actionpack (4.0.2) lib/action_dispatch/middleware/show_exceptions.rb:30:in `call'
  railties (4.0.2) lib/rails/rack/logger.rb:38:in `call_app'
  railties (4.0.2) lib/rails/rack/logger.rb:20:in `block in call'
  activesupport (4.0.2) lib/active_support/tagged_logging.rb:67:in `block in tagged'
  activesupport (4.0.2) lib/active_support/tagged_logging.rb:25:in `tagged'
  activesupport (4.0.2) lib/active_support/tagged_logging.rb:67:in `tagged'
  railties (4.0.2) lib/rails/rack/logger.rb:20:in `call'
  actionpack (4.0.2) lib/action_dispatch/middleware/request_id.rb:21:in `call'
  rack (1.5.2) lib/rack/methodoverride.rb:21:in `call'
  rack (1.5.2) lib/rack/runtime.rb:17:in `call'
  activesupport (4.0.2) lib/active_support/cache/strategy/local_cache.rb:83:in `call'
  rack (1.5.2) lib/rack/sendfile.rb:112:in `call'
  railties (4.0.2) lib/rails/engine.rb:511:in `call'
  railties (4.0.2) lib/rails/application.rb:97:in `call'
  unicorn (4.8.3) lib/unicorn/http_server.rb:576:in `process_client'
  unicorn (4.8.3) lib/unicorn/http_server.rb:670:in `worker_loop'
  unicorn (4.8.3) lib/unicorn/http_server.rb:525:in `spawn_missing_workers'
  unicorn (4.8.3) lib/unicorn/http_server.rb:140:in `start'
  unicorn (4.8.3) bin/unicorn:126:in `<top (required)>'
  /usr/local/rvm/gems/ruby-2.1.3/bin/unicorn:23:in `load'
  /usr/local/rvm/gems/ruby-2.1.3/bin/unicorn:23:in `<main>'
  /usr/local/rvm/gems/ruby-2.0.0-p353/bin/ruby_executable_hooks:15:in `eval'
  /usr/local/rvm/gems/ruby-2.0.0-p353/bin/ruby_executable_hooks:15:in `<main>'


I, [2015-02-12T14:34:32.254494 #3451]  INFO -- : Started GET "//pma/scripts/setup.php" for 62.210.127.243 at 2015-02-12 14:34:32 +0000
F, [2015-02-12T14:34:32.392726 #3451] FATAL -- : 
ActionController::RoutingError (No route matches [GET] "/pma/scripts/setup.php"):
  actionpack (4.0.2) lib/action_dispatch/middleware/debug_exceptions.rb:21:in `call'
  actionpack (4.0.2) lib/action_dispatch/middleware/show_exceptions.rb:30:in `call'
  railties (4.0.2) lib/rails/rack/logger.rb:38:in `call_app'
  railties (4.0.2) lib/rails/rack/logger.rb:20:in `block in call'
  activesupport (4.0.2) lib/active_support/tagged_logging.rb:67:in `block in tagged'
  activesupport (4.0.2) lib/active_support/tagged_logging.rb:25:in `tagged'
  activesupport (4.0.2) lib/active_support/tagged_logging.rb:67:in `tagged'
  railties (4.0.2) lib/rails/rack/logger.rb:20:in `call'
  actionpack (4.0.2) lib/action_dispatch/middleware/request_id.rb:21:in `call'
  rack (1.5.2) lib/rack/methodoverride.rb:21:in `call'
  rack (1.5.2) lib/rack/runtime.rb:17:in `call'
  activesupport (4.0.2) lib/active_support/cache/strategy/local_cache.rb:83:in `call'
  rack (1.5.2) lib/rack/sendfile.rb:112:in `call'
  railties (4.0.2) lib/rails/engine.rb:511:in `call'
  railties (4.0.2) lib/rails/application.rb:97:in `call'
  unicorn (4.8.3) lib/unicorn/http_server.rb:576:in `process_client'
  unicorn (4.8.3) lib/unicorn/http_server.rb:670:in `worker_loop'
  unicorn (4.8.3) lib/unicorn/http_server.rb:525:in `spawn_missing_workers'
  unicorn (4.8.3) lib/unicorn/http_server.rb:140:in `start'
  unicorn (4.8.3) bin/unicorn:126:in `<top (required)>'
  /usr/local/rvm/gems/ruby-2.1.3/bin/unicorn:23:in `load'
  /usr/local/rvm/gems/ruby-2.1.3/bin/unicorn:23:in `<main>'
  /usr/local/rvm/gems/ruby-2.0.0-p353/bin/ruby_executable_hooks:15:in `eval'
  /usr/local/rvm/gems/ruby-2.0.0-p353/bin/ruby_executable_hooks:15:in `<main>'


I, [2015-02-12T14:34:33.552910 #3449]  INFO -- : Started GET "//myadmin/scripts/setup.php" for 62.210.127.243 at 2015-02-12 14:34:33 +0000
F, [2015-02-12T14:34:33.560834 #3449] FATAL -- : 
ActionController::RoutingError (No route matches [GET] "/myadmin/scripts/setup.php"):
  actionpack (4.0.2) lib/action_dispatch/middleware/debug_exceptions.rb:21:in `call'
  actionpack (4.0.2) lib/action_dispatch/middleware/show_exceptions.rb:30:in `call'
  railties (4.0.2) lib/rails/rack/logger.rb:38:in `call_app'
  railties (4.0.2) lib/rails/rack/logger.rb:20:in `block in call'
  activesupport (4.0.2) lib/active_support/tagged_logging.rb:67:in `block in tagged'
  activesupport (4.0.2) lib/active_support/tagged_logging.rb:25:in `tagged'
  activesupport (4.0.2) lib/active_support/tagged_logging.rb:67:in `tagged'
  railties (4.0.2) lib/rails/rack/logger.rb:20:in `call'
  actionpack (4.0.2) lib/action_dispatch/middleware/request_id.rb:21:in `call'
  rack (1.5.2) lib/rack/methodoverride.rb:21:in `call'
  rack (1.5.2) lib/rack/runtime.rb:17:in `call'
  activesupport (4.0.2) lib/active_support/cache/strategy/local_cache.rb:83:in `call'
  rack (1.5.2) lib/rack/sendfile.rb:112:in `call'
  railties (4.0.2) lib/rails/engine.rb:511:in `call'
  railties (4.0.2) lib/rails/application.rb:97:in `call'
  unicorn (4.8.3) lib/unicorn/http_server.rb:576:in `process_client'
  unicorn (4.8.3) lib/unicorn/http_server.rb:670:in `worker_loop'
  unicorn (4.8.3) lib/unicorn/http_server.rb:525:in `spawn_missing_workers'
  unicorn (4.8.3) lib/unicorn/http_server.rb:140:in `start'
  unicorn (4.8.3) bin/unicorn:126:in `<top (required)>'
  /usr/local/rvm/gems/ruby-2.1.3/bin/unicorn:23:in `load'
  /usr/local/rvm/gems/ruby-2.1.3/bin/unicorn:23:in `<main>'
  /usr/local/rvm/gems/ruby-2.0.0-p353/bin/ruby_executable_hooks:15:in `eval'
  /usr/local/rvm/gems/ruby-2.0.0-p353/bin/ruby_executable_hooks:15:in `<main>'


I, [2015-02-12T14:34:34.721371 #3454]  INFO -- : Started GET "//MyAdmin/scripts/setup.php" for 62.210.127.243 at 2015-02-12 14:34:34 +0000
F, [2015-02-12T14:34:34.722842 #3454] FATAL -- : 
ActionController::RoutingError (No route matches [GET] "/MyAdmin/scripts/setup.php"):
  actionpack (4.0.2) lib/action_dispatch/middleware/debug_exceptions.rb:21:in `call'
  actionpack (4.0.2) lib/action_dispatch/middleware/show_exceptions.rb:30:in `call'
  railties (4.0.2) lib/rails/rack/logger.rb:38:in `call_app'
  railties (4.0.2) lib/rails/rack/logger.rb:20:in `block in call'
  activesupport (4.0.2) lib/active_support/tagged_logging.rb:67:in `block in tagged'
  activesupport (4.0.2) lib/active_support/tagged_logging.rb:25:in `tagged'
  activesupport (4.0.2) lib/active_support/tagged_logging.rb:67:in `tagged'
  railties (4.0.2) lib/rails/rack/logger.rb:20:in `call'
  actionpack (4.0.2) lib/action_dispatch/middleware/request_id.rb:21:in `call'
  rack (1.5.2) lib/rack/methodoverride.rb:21:in `call'
  rack (1.5.2) lib/rack/runtime.rb:17:in `call'
  activesupport (4.0.2) lib/active_support/cache/strategy/local_cache.rb:83:in `call'
  rack (1.5.2) lib/rack/sendfile.rb:112:in `call'
  railties (4.0.2) lib/rails/engine.rb:511:in `call'
  railties (4.0.2) lib/rails/application.rb:97:in `call'
  unicorn (4.8.3) lib/unicorn/http_server.rb:576:in `process_client'
  unicorn (4.8.3) lib/unicorn/http_server.rb:670:in `worker_loop'
  unicorn (4.8.3) lib/unicorn/http_server.rb:525:in `spawn_missing_workers'
  unicorn (4.8.3) lib/unicorn/http_server.rb:140:in `start'
  unicorn (4.8.3) bin/unicorn:126:in `<top (required)>'
  /usr/local/rvm/gems/ruby-2.1.3/bin/unicorn:23:in `load'
  /usr/local/rvm/gems/ruby-2.1.3/bin/unicorn:23:in `<main>'
  /usr/local/rvm/gems/ruby-2.0.0-p353/bin/ruby_executable_hooks:15:in `eval'
  /usr/local/rvm/gems/ruby-2.0.0-p353/bin/ruby_executable_hooks:15:in `<main>'


I, [2015-02-12T20:12:17.494386 #3451]  INFO -- : Started GET "/" for 115.159.66.238 at 2015-02-12 20:12:17 +0000
I, [2015-02-12T20:12:17.511378 #3451]  INFO -- : Processing by HomeController#index as HTML
I, [2015-02-12T20:12:17.542300 #3451]  INFO -- :   Rendered home/index.html.erb within layouts/application (4.8ms)
I, [2015-02-12T20:12:17.547460 #3451]  INFO -- : Completed 200 OK in 36ms (Views: 16.9ms | ActiveRecord: 0.0ms)
I, [2015-02-12T20:40:56.415707 #3449]  INFO -- : Started GET "/" for 182.254.208.14 at 2015-02-12 20:40:56 +0000
I, [2015-02-12T20:40:56.420913 #3449]  INFO -- : Processing by HomeController#index as HTML
I, [2015-02-12T20:40:56.423853 #3449]  INFO -- :   Rendered home/index.html.erb within layouts/application (0.5ms)
I, [2015-02-12T20:40:56.425755 #3449]  INFO -- : Completed 200 OK in 5ms (Views: 3.6ms | ActiveRecord: 0.0ms)
I, [2015-02-12T21:56:39.800903 #3454]  INFO -- : Started GET "/" for 182.118.53.225 at 2015-02-12 21:56:39 +0000
I, [2015-02-12T21:56:39.822897 #3454]  INFO -- : Processing by HomeController#index as HTML
I, [2015-02-12T21:56:39.833651 #3454]  INFO -- :   Rendered home/index.html.erb within layouts/application (1.8ms)
I, [2015-02-12T21:56:39.840976 #3454]  INFO -- : Completed 200 OK in 17ms (Views: 13.9ms | ActiveRecord: 0.0ms)
I, [2015-02-13T03:22:50.016730 #3457]  INFO -- : Started HEAD "/" for 201.150.36.119 at 2015-02-13 03:22:50 +0000
I, [2015-02-13T03:22:50.025110 #3457]  INFO -- : Processing by HomeController#index as HTML
I, [2015-02-13T03:22:50.030171 #3457]  INFO -- :   Rendered home/index.html.erb within layouts/application (0.7ms)
I, [2015-02-13T03:22:50.033778 #3457]  INFO -- : Completed 200 OK in 8ms (Views: 6.1ms | ActiveRecord: 0.0ms)
I, [2015-02-13T03:56:18.132160 #3449]  INFO -- : Started GET "/" for 182.254.157.60 at 2015-02-13 03:56:18 +0000
I, [2015-02-13T03:56:18.147961 #3449]  INFO -- : Processing by HomeController#index as HTML
I, [2015-02-13T03:56:18.156460 #3449]  INFO -- :   Rendered home/index.html.erb within layouts/application (1.4ms)
I, [2015-02-13T03:56:18.166081 #3449]  INFO -- : Completed 200 OK in 17ms (Views: 14.1ms | ActiveRecord: 0.0ms)
I, [2015-02-13T05:09:54.172884 #3451]  INFO -- : Started GET "/" for 115.159.68.74 at 2015-02-13 05:09:54 +0000
I, [2015-02-13T05:09:54.188448 #3451]  INFO -- : Processing by HomeController#index as HTML
I, [2015-02-13T05:09:54.194593 #3451]  INFO -- :   Rendered home/index.html.erb within layouts/application (1.0ms)
I, [2015-02-13T05:09:54.198363 #3451]  INFO -- : Completed 200 OK in 10ms (Views: 7.7ms | ActiveRecord: 0.0ms)
I, [2015-02-13T08:23:05.356996 #3451]  INFO -- : Started GET "/" for 182.254.141.88 at 2015-02-13 08:23:05 +0000
I, [2015-02-13T08:23:05.369753 #3451]  INFO -- : Processing by HomeController#index as HTML
I, [2015-02-13T08:23:05.376892 #3451]  INFO -- :   Rendered home/index.html.erb within layouts/application (1.0ms)
I, [2015-02-13T08:23:05.382236 #3451]  INFO -- : Completed 200 OK in 12ms (Views: 8.4ms | ActiveRecord: 0.0ms)
I, [2015-02-13T10:49:24.597393 #3451]  INFO -- : Started HEAD "/" for 85.18.173.109 at 2015-02-13 10:49:24 +0000
I, [2015-02-13T10:49:24.606077 #3451]  INFO -- : Processing by HomeController#index as HTML
I, [2015-02-13T10:49:24.611453 #3451]  INFO -- :   Rendered home/index.html.erb within layouts/application (0.7ms)
I, [2015-02-13T10:49:24.616336 #3451]  INFO -- : Completed 200 OK in 10ms (Views: 7.5ms | ActiveRecord: 0.0ms)
I, [2015-02-13T16:06:10.133038 #3457]  INFO -- : Started GET "/" for 141.212.122.98 at 2015-02-13 16:06:10 +0000
I, [2015-02-13T16:06:10.139912 #3457]  INFO -- : Processing by HomeController#index as HTML
I, [2015-02-13T16:06:10.145266 #3457]  INFO -- :   Rendered home/index.html.erb within layouts/application (0.9ms)
I, [2015-02-13T16:06:10.149200 #3457]  INFO -- : Completed 200 OK in 9ms (Views: 7.1ms | ActiveRecord: 0.0ms)
I, [2015-02-13T16:21:21.369498 #3451]  INFO -- : Started GET "/" for 141.212.122.18 at 2015-02-13 16:21:21 +0000
I, [2015-02-13T16:21:21.377773 #3451]  INFO -- : Processing by HomeController#index as HTML
I, [2015-02-13T16:21:21.383566 #3451]  INFO -- :   Rendered home/index.html.erb within layouts/application (0.7ms)
I, [2015-02-13T16:21:21.388286 #3451]  INFO -- : Completed 200 OK in 10ms (Views: 7.6ms | ActiveRecord: 0.0ms)
I, [2015-02-13T17:21:47.108457 #3457]  INFO -- : Started GET "/" for 128.61.240.66 at 2015-02-13 17:21:47 +0000
I, [2015-02-13T17:21:47.111235 #3457]  INFO -- : Processing by HomeController#index as */*
I, [2015-02-13T17:21:47.113042 #3457]  INFO -- :   Rendered home/index.html.erb within layouts/application (0.4ms)
I, [2015-02-13T17:21:47.119447 #3457]  INFO -- : Completed 200 OK in 3ms (Views: 2.6ms | ActiveRecord: 0.0ms)
I, [2015-02-14T01:27:06.978759 #3454]  INFO -- : Started GET "/" for 61.240.144.64 at 2015-02-14 01:27:06 +0000
I, [2015-02-14T01:27:06.986126 #3454]  INFO -- : Processing by HomeController#index as */*
I, [2015-02-14T01:27:07.001222 #3454]  INFO -- :   Rendered home/index.html.erb within layouts/application (3.4ms)
I, [2015-02-14T01:27:07.004270 #3454]  INFO -- : Completed 200 OK in 18ms (Views: 15.6ms | ActiveRecord: 0.0ms)
I, [2015-02-14T01:30:11.139089 #3449]  INFO -- : Started GET "/" for 123.59.33.27 at 2015-02-14 01:30:11 +0000
I, [2015-02-14T01:30:11.144843 #3449]  INFO -- : Processing by HomeController#index as HTML
I, [2015-02-14T01:30:11.147751 #3449]  INFO -- :   Rendered home/index.html.erb within layouts/application (0.4ms)
I, [2015-02-14T01:30:11.149887 #3449]  INFO -- : Completed 200 OK in 5ms (Views: 3.9ms | ActiveRecord: 0.0ms)
I, [2015-02-14T03:09:42.806048 #3451]  INFO -- : Started GET "/" for 180.234.23.243 at 2015-02-14 03:09:42 +0000
I, [2015-02-14T03:09:42.814892 #3451]  INFO -- : Processing by HomeController#index as HTML
I, [2015-02-14T03:09:42.820424 #3451]  INFO -- :   Rendered home/index.html.erb within layouts/application (0.7ms)
I, [2015-02-14T03:09:42.824941 #3451]  INFO -- : Completed 200 OK in 9ms (Views: 7.1ms | ActiveRecord: 0.0ms)
I, [2015-02-14T07:54:41.840308 #3451]  INFO -- : Started OPTIONS "/" for 95.9.229.150 at 2015-02-14 07:54:41 +0000
F, [2015-02-14T07:54:41.857944 #3451] FATAL -- : 
ActionController::RoutingError (No route matches [OPTIONS] "/"):
  actionpack (4.0.2) lib/action_dispatch/middleware/debug_exceptions.rb:21:in `call'
  actionpack (4.0.2) lib/action_dispatch/middleware/show_exceptions.rb:30:in `call'
  railties (4.0.2) lib/rails/rack/logger.rb:38:in `call_app'
  railties (4.0.2) lib/rails/rack/logger.rb:20:in `block in call'
  activesupport (4.0.2) lib/active_support/tagged_logging.rb:67:in `block in tagged'
  activesupport (4.0.2) lib/active_support/tagged_logging.rb:25:in `tagged'
  activesupport (4.0.2) lib/active_support/tagged_logging.rb:67:in `tagged'
  railties (4.0.2) lib/rails/rack/logger.rb:20:in `call'
  actionpack (4.0.2) lib/action_dispatch/middleware/request_id.rb:21:in `call'
  rack (1.5.2) lib/rack/methodoverride.rb:21:in `call'
  rack (1.5.2) lib/rack/runtime.rb:17:in `call'
  activesupport (4.0.2) lib/active_support/cache/strategy/local_cache.rb:83:in `call'
  rack (1.5.2) lib/rack/sendfile.rb:112:in `call'
  railties (4.0.2) lib/rails/engine.rb:511:in `call'
  railties (4.0.2) lib/rails/application.rb:97:in `call'
  unicorn (4.8.3) lib/unicorn/http_server.rb:576:in `process_client'
  unicorn (4.8.3) lib/unicorn/http_server.rb:670:in `worker_loop'
  unicorn (4.8.3) lib/unicorn/http_server.rb:525:in `spawn_missing_workers'
  unicorn (4.8.3) lib/unicorn/http_server.rb:140:in `start'
  unicorn (4.8.3) bin/unicorn:126:in `<top (required)>'
  /usr/local/rvm/gems/ruby-2.1.3/bin/unicorn:23:in `load'
  /usr/local/rvm/gems/ruby-2.1.3/bin/unicorn:23:in `<main>'
  /usr/local/rvm/gems/ruby-2.0.0-p353/bin/ruby_executable_hooks:15:in `eval'
  /usr/local/rvm/gems/ruby-2.0.0-p353/bin/ruby_executable_hooks:15:in `<main>'


I, [2015-02-14T12:52:53.345881 #3454]  INFO -- : Started HEAD "/" for 85.18.173.109 at 2015-02-14 12:52:53 +0000
I, [2015-02-14T12:52:53.356522 #3454]  INFO -- : Processing by HomeController#index as HTML
I, [2015-02-14T12:52:53.363178 #3454]  INFO -- :   Rendered home/index.html.erb within layouts/application (1.2ms)
I, [2015-02-14T12:52:53.368825 #3454]  INFO -- : Completed 200 OK in 12ms (Views: 8.7ms | ActiveRecord: 0.0ms)
I, [2015-02-14T15:22:17.723457 #3457]  INFO -- : Started GET "/" for 120.132.77.185 at 2015-02-14 15:22:17 +0000
I, [2015-02-14T15:22:17.737890 #3457]  INFO -- : Processing by HomeController#index as HTML
I, [2015-02-14T15:22:17.745657 #3457]  INFO -- :   Rendered home/index.html.erb within layouts/application (1.1ms)
I, [2015-02-14T15:22:17.863859 #3457]  INFO -- : Completed 200 OK in 125ms (Views: 122.5ms | ActiveRecord: 0.0ms)
I, [2015-02-14T18:12:07.333943 #3454]  INFO -- : Started GET "/" for 141.212.121.136 at 2015-02-14 18:12:07 +0000
I, [2015-02-14T18:12:07.338266 #3454]  INFO -- : Processing by HomeController#index as HTML
I, [2015-02-14T18:12:07.340413 #3454]  INFO -- :   Rendered home/index.html.erb within layouts/application (0.3ms)
I, [2015-02-14T18:12:07.342254 #3454]  INFO -- : Completed 200 OK in 4ms (Views: 3.0ms | ActiveRecord: 0.0ms)
I, [2015-02-14T20:30:28.440549 #3454]  INFO -- : Started HEAD "/" for 85.18.173.109 at 2015-02-14 20:30:28 +0000
I, [2015-02-14T20:30:28.450725 #3454]  INFO -- : Processing by HomeController#index as HTML
I, [2015-02-14T20:30:28.456098 #3454]  INFO -- :   Rendered home/index.html.erb within layouts/application (0.7ms)
I, [2015-02-14T20:30:28.460032 #3454]  INFO -- : Completed 200 OK in 9ms (Views: 6.7ms | ActiveRecord: 0.0ms)
I, [2015-02-14T22:54:43.424954 #3457]  INFO -- : Started GET "/" for 182.118.54.87 at 2015-02-14 22:54:43 +0000
I, [2015-02-14T22:54:43.432784 #3457]  INFO -- : Processing by HomeController#index as HTML
I, [2015-02-14T22:54:43.437500 #3457]  INFO -- :   Rendered home/index.html.erb within layouts/application (0.9ms)
I, [2015-02-14T22:54:43.442849 #3457]  INFO -- : Completed 200 OK in 10ms (Views: 8.1ms | ActiveRecord: 0.0ms)
I, [2015-02-14T23:21:18.872011 #3454]  INFO -- : Started GET "/" for 120.132.72.12 at 2015-02-14 23:21:18 +0000
I, [2015-02-14T23:21:18.880431 #3454]  INFO -- : Processing by HomeController#index as HTML
I, [2015-02-14T23:21:18.885240 #3454]  INFO -- :   Rendered home/index.html.erb within layouts/application (0.7ms)
I, [2015-02-14T23:21:18.889212 #3454]  INFO -- : Completed 200 OK in 8ms (Views: 6.6ms | ActiveRecord: 0.0ms)
I, [2015-02-15T02:30:05.315814 #3449]  INFO -- : Started GET "/" for 12.167.51.34 at 2015-02-15 02:30:05 +0000
I, [2015-02-15T02:30:05.321111 #3449]  INFO -- : Processing by HomeController#index as HTML
I, [2015-02-15T02:30:05.323664 #3449]  INFO -- :   Rendered home/index.html.erb within layouts/application (0.4ms)
I, [2015-02-15T02:30:05.325681 #3449]  INFO -- : Completed 200 OK in 4ms (Views: 3.5ms | ActiveRecord: 0.0ms)
I, [2015-02-15T02:30:05.879657 #3454]  INFO -- : Started GET "/assets/rails.png" for 12.167.51.34 at 2015-02-15 02:30:05 +0000
I, [2015-02-15T02:30:45.292409 #3684]  INFO -- : Started GET "/" for 12.167.51.34 at 2015-02-15 02:30:45 +0000
I, [2015-02-15T02:30:45.399979 #3684]  INFO -- : Processing by HomeController#index as HTML
I, [2015-02-15T02:30:45.412907 #3684]  INFO -- :   Rendered home/index.html.erb within layouts/application (0.9ms)
I, [2015-02-15T02:30:45.414493 #3684]  INFO -- : Completed 200 OK in 14ms (Views: 6.0ms | ActiveRecord: 0.0ms)
I, [2015-02-15T02:30:45.782839 #3689]  INFO -- : Started GET "/assets/rails.png" for 12.167.51.34 at 2015-02-15 02:30:45 +0000
I, [2015-02-15T02:31:22.838810 #3684]  INFO -- : Started GET "/" for 12.167.51.34 at 2015-02-15 02:31:22 +0000
I, [2015-02-15T02:31:22.850139 #3684]  INFO -- : Processing by HomeController#index as HTML
I, [2015-02-15T02:31:22.855432 #3684]  INFO -- :   Rendered home/index.html.erb within layouts/application (0.5ms)
I, [2015-02-15T02:31:22.857940 #3684]  INFO -- : Completed 200 OK in 7ms (Views: 4.6ms | ActiveRecord: 0.0ms)
I, [2015-02-15T02:31:23.323867 #3689]  INFO -- : Started GET "/assets/rails.png" for 12.167.51.34 at 2015-02-15 02:31:23 +0000
I, [2015-02-15T02:31:29.722877 #3684]  INFO -- : Started GET "/" for 12.167.51.34 at 2015-02-15 02:31:29 +0000
I, [2015-02-15T02:31:29.725516 #3684]  INFO -- : Processing by HomeController#index as HTML
I, [2015-02-15T02:31:29.727374 #3684]  INFO -- :   Rendered home/index.html.erb within layouts/application (0.2ms)
I, [2015-02-15T02:31:29.729053 #3684]  INFO -- : Completed 200 OK in 3ms (Views: 2.6ms | ActiveRecord: 0.0ms)
I, [2015-02-15T02:31:29.891797 #3689]  INFO -- : Started GET "/assets/rails.png" for 12.167.51.34 at 2015-02-15 02:31:29 +0000
I, [2015-02-15T02:31:50.047133 #3686]  INFO -- : Started GET "/" for 12.167.51.34 at 2015-02-15 02:31:50 +0000
I, [2015-02-15T02:31:50.275275 #3686]  INFO -- : Processing by HomeController#index as HTML
I, [2015-02-15T02:31:50.298435 #3686]  INFO -- :   Rendered home/index.html.erb within layouts/application (1.6ms)
I, [2015-02-15T02:31:50.301536 #3686]  INFO -- : Completed 200 OK in 26ms (Views: 9.0ms | ActiveRecord: 0.0ms)
I, [2015-02-15T02:31:50.642933 #3681]  INFO -- : Started GET "/assets/rails.png" for 12.167.51.34 at 2015-02-15 02:31:50 +0000
I, [2015-02-15T02:49:05.418643 #3689]  INFO -- : Started GET "/" for 12.167.51.34 at 2015-02-15 02:49:05 +0000
I, [2015-02-15T02:49:05.428701 #3689]  INFO -- : Processing by HomeController#index as HTML
I, [2015-02-15T02:49:05.446144 #3689]  INFO -- :   Rendered home/index.html.erb within layouts/application (2.0ms)
I, [2015-02-15T02:49:05.449053 #3689]  INFO -- : Completed 200 OK in 20ms (Views: 9.4ms | ActiveRecord: 0.0ms)
I, [2015-02-15T02:49:05.779472 #3684]  INFO -- : Started GET "/assets/rails.png" for 12.167.51.34 at 2015-02-15 02:49:05 +0000
I, [2015-02-15T02:49:10.028640 #3689]  INFO -- : Started GET "/" for 12.167.51.34 at 2015-02-15 02:49:10 +0000
I, [2015-02-15T02:49:10.030295 #3689]  INFO -- : Processing by HomeController#index as HTML
I, [2015-02-15T02:49:10.031395 #3689]  INFO -- :   Rendered home/index.html.erb within layouts/application (0.1ms)
I, [2015-02-15T02:49:10.032227 #3689]  INFO -- : Completed 200 OK in 2ms (Views: 1.1ms | ActiveRecord: 0.0ms)
I, [2015-02-15T02:49:10.283894 #3681]  INFO -- : Started GET "/assets/rails.png" for 12.167.51.34 at 2015-02-15 02:49:10 +0000
I, [2015-02-15T02:49:32.439903 #3788]  INFO -- : Started GET "/" for 12.167.51.34 at 2015-02-15 02:49:32 +0000
I, [2015-02-15T02:49:32.533032 #3788]  INFO -- : Processing by HomeController#index as HTML
I, [2015-02-15T02:49:32.543833 #3788]  INFO -- :   Rendered home/index.html.erb within layouts/application (0.7ms)
I, [2015-02-15T02:49:32.545340 #3788]  INFO -- : Completed 200 OK in 12ms (Views: 4.1ms | ActiveRecord: 0.0ms)
I, [2015-02-15T02:49:34.658164 #3797]  INFO -- : Started GET "/assets/rails.png" for 12.167.51.34 at 2015-02-15 02:49:34 +0000
I, [2015-02-15T02:49:37.510401 #3788]  INFO -- : Started GET "/" for 12.167.51.34 at 2015-02-15 02:49:37 +0000
I, [2015-02-15T02:49:37.513655 #3788]  INFO -- : Processing by HomeController#index as HTML
I, [2015-02-15T02:49:37.515887 #3788]  INFO -- :   Rendered home/index.html.erb within layouts/application (0.3ms)
I, [2015-02-15T02:49:37.517163 #3788]  INFO -- : Completed 200 OK in 3ms (Views: 2.1ms | ActiveRecord: 0.0ms)
I, [2015-02-15T02:49:37.999183 #3797]  INFO -- : Started GET "/assets/rails.png" for 12.167.51.34 at 2015-02-15 02:49:37 +0000
I, [2015-02-15T02:49:41.314635 #3791]  INFO -- : Started GET "/" for 12.167.51.34 at 2015-02-15 02:49:41 +0000
I, [2015-02-15T02:49:41.480332 #3791]  INFO -- : Processing by HomeController#index as HTML
I, [2015-02-15T02:49:41.501692 #3791]  INFO -- :   Rendered home/index.html.erb within layouts/application (1.4ms)
I, [2015-02-15T02:49:41.504364 #3791]  INFO -- : Completed 200 OK in 24ms (Views: 7.5ms | ActiveRecord: 0.0ms)
I, [2015-02-15T02:49:41.823646 #3797]  INFO -- : Started GET "/assets/rails.png" for 12.167.51.34 at 2015-02-15 02:49:41 +0000
I, [2015-02-15T02:49:47.199721 #3794]  INFO -- : Started GET "/" for 12.167.51.34 at 2015-02-15 02:49:47 +0000
I, [2015-02-15T02:49:47.371735 #3794]  INFO -- : Processing by HomeController#index as HTML
I, [2015-02-15T02:49:47.392682 #3794]  INFO -- :   Rendered home/index.html.erb within layouts/application (1.5ms)
I, [2015-02-15T02:49:47.395496 #3794]  INFO -- : Completed 200 OK in 23ms (Views: 8.2ms | ActiveRecord: 0.0ms)
I, [2015-02-15T02:49:47.572448 #3797]  INFO -- : Started GET "/assets/rails.png" for 12.167.51.34 at 2015-02-15 02:49:47 +0000
